// Jest Snapshot v1, https://goo.gl/fbAQLP

exports[`Header Component Should pass snapshot test 1`] = `"<header data-test=\\"header\\"><div class=\\"wrap\\"><div class=\\"logo\\"><img src=\\"logo.png\\" alt=\\"logo\\" data-test=\\"logo\\"/></div><div class=\\"logo-title\\">CRA-Testing</div></div></header>"`;
