// Jest Snapshot v1, https://goo.gl/fbAQLP

exports[`App Component Should pass snapshot test 1`] = `
"<div className=\\"App\\" data-test=\\"App\\">
  <Header />
  <section className=\\"main\\">
    <Headline header=\\"Posts\\" description=\\"Click button to render posts.\\" tempArr={{...}} />
    <Button buttonText=\\"Get Posts\\" emitEvent={[Function: fetchPosts]} />
    <div>
      <ListItem title=\\"Title 1\\" desc=\\"Some Text\\" />
      <ListItem title=\\"Title 2\\" desc=\\"Some Text\\" />
      <ListItem title=\\"Title 3\\" desc=\\"Some Text\\" />
    </div>
  </section>
</div>"
`;
